2026-06-11 17:16:11  ERROR     =======================================================
2026-06-11 17:16:11  ERROR       CONFIG errors — fix these before running:
2026-06-11 17:16:11  ERROR       • refresh_token is not set in CONFIG
2026-06-11 17:16:11  ERROR       • cookies['AUTH_SESSION_ID'] is not set in CONFIG
2026-06-11 17:16:11  ERROR     =======================================================
2026-06-11 17:24:35  INFO      =======================================================
2026-06-11 17:24:35  INFO        GoDigit Bulk COI Downloader  [LOCAL MODE]
2026-06-11 17:24:35  INFO      =======================================================
2026-06-11 17:24:35  INFO      Starting local token keeper thread...
2026-06-11 17:24:35  INFO      [TokenKeeper] Background thread started.
2026-06-11 17:24:35  INFO      Waiting for first token to be ready...
2026-06-11 17:24:35  INFO      [TokenKeeper] Refreshing token...
2026-06-11 17:24:35  INFO      [TokenKeeper] Token refreshed. Expires in 900s. Next refresh in 10 min.
2026-06-11 17:24:35  INFO      Token is ready. Starting downloads...

2026-06-11 17:24:35  INFO      Loaded 4 row(s) from Excel.
2026-06-11 17:24:35  INFO      PDFs will be saved to: D:\Digit COI downloader\coi_downloads

2026-06-11 17:24:35  INFO      [1/4] Loan: H102813  |  Product: GLTP
2026-06-11 17:24:36  INFO               Policy : L020449842
2026-06-11 17:24:39  ERROR              FAILED : H102813 -- JSON response but no PDF found. Keys: ['communicationFlag', 'forceRegenerate', 'pdfStatus', 'schedulePath', 'ccmStatus', 'description', 'activityId', 'quoteFlag', 'code', 'schedule_dms_doc_id']
2026-06-11 17:24:40  INFO      [2/4] Loan: H102775  |  Product: GLTP
2026-06-11 17:24:41  INFO               Policy : L020449850
2026-06-11 17:24:44  ERROR              FAILED : H102775 -- JSON response but no PDF found. Keys: ['communicationFlag', 'forceRegenerate', 'pdfStatus', 'schedulePath', 'ccmStatus', 'description', 'activityId', 'quoteFlag', 'code', 'schedule_dms_doc_id']
2026-06-11 17:24:45  INFO      [3/4] Loan: H102772  |  Product: GLTP
2026-06-11 17:24:46  INFO               Policy : L020449843
2026-06-11 17:24:49  ERROR              FAILED : H102772 -- JSON response but no PDF found. Keys: ['communicationFlag', 'forceRegenerate', 'pdfStatus', 'schedulePath', 'ccmStatus', 'description', 'activityId', 'quoteFlag', 'code', 'schedule_dms_doc_id']
2026-06-11 17:24:50  INFO      [4/4] Loan: H101677  |  Product: GLTP
2026-06-11 17:24:52  INFO               Policy : L018694202
2026-06-11 17:24:52  ERROR              FAILED : H101677 -- Download failed [400]: {
  "communicationFlag" : false,
  "forceRegenerate" : false,
  "quoteFlag" : false,
  "code" : "BAD_REQUEST",
  "message" : "Error while downloading COI Document pdf"
}
2026-06-11 17:24:52  INFO      =======================================================
2026-06-11 17:24:52  INFO        Total : 4  |  Success : 0  |  Failed : 4
2026-06-11 17:24:52  INFO      =======================================================
2026-06-11 17:24:52  WARNING   Failed rows:
2026-06-11 17:24:52  WARNING     - H102813 -- JSON response but no PDF found. Keys: ['communicationFlag', 'forceRegenerate', 'pdfStatus', 'schedulePath', 'ccmStatus', 'description', 'activityId', 'quoteFlag', 'code', 'schedule_dms_doc_id']
2026-06-11 17:24:52  WARNING     - H102775 -- JSON response but no PDF found. Keys: ['communicationFlag', 'forceRegenerate', 'pdfStatus', 'schedulePath', 'ccmStatus', 'description', 'activityId', 'quoteFlag', 'code', 'schedule_dms_doc_id']
2026-06-11 17:24:52  WARNING     - H102772 -- JSON response but no PDF found. Keys: ['communicationFlag', 'forceRegenerate', 'pdfStatus', 'schedulePath', 'ccmStatus', 'description', 'activityId', 'quoteFlag', 'code', 'schedule_dms_doc_id']
2026-06-11 17:24:52  WARNING     - H101677 -- Download failed [400]: {
  "communicationFlag" : false,
  "forceRegenerate" : false,
  "quoteFlag" : false,
  "code" : "BAD_REQUEST",
  "message" : "Error while downloading COI Document pdf"
}
2026-06-11 17:24:52  INFO      Report saved: D:\Digit COI downloader\coi_downloads\download_report_20260611_172452.xlsx
2026-06-11 17:24:52  INFO      Token keeper stopped.
2026-06-11 17:27:17  ERROR     =======================================================
2026-06-11 17:27:17  ERROR       CONFIG errors — fix these before running:
2026-06-11 17:27:17  ERROR       • refresh_token is not set in CONFIG
2026-06-11 17:27:17  ERROR       • cookies['AUTH_SESSION_ID'] is not set in CONFIG
2026-06-11 17:27:17  ERROR     =======================================================
2026-06-11 17:33:31  INFO      =======================================================
2026-06-11 17:33:31  INFO        GoDigit Bulk COI Downloader  [LOCAL MODE]
2026-06-11 17:33:31  INFO      =======================================================
2026-06-11 17:33:31  INFO      Starting local token keeper thread...
2026-06-11 17:33:31  INFO      [TokenKeeper] Background thread started.
2026-06-11 17:33:31  INFO      Waiting for first token to be ready...
2026-06-11 17:33:31  INFO      [TokenKeeper] Refreshing token...
2026-06-11 17:33:31  INFO      [TokenKeeper] Token refreshed. Expires in 900s. Next refresh in 10 min.
2026-06-11 17:33:31  INFO      Token is ready. Starting downloads...

2026-06-11 17:33:32  INFO      Loaded 4 row(s) from Excel.
2026-06-11 17:33:32  INFO      PDFs will be saved to: D:\Digit COI downloader\coi_downloads

2026-06-11 17:33:32  INFO      [1/4] Loan: H102813  |  Product: GLTP
2026-06-11 17:33:32  INFO               Policy : L020449842
2026-06-11 17:33:36  INFO      Download API response: {"communicationFlag": false, "forceRegenerate": false, "pdfStatus": "SUCCESS", "schedulePath": "https://prod-dms.godigit.com/DigitDMS/v2/ext/document/5A016868E0494D6EAD20292B2C4058D5", "ccmStatus": "PDF Generation Success - Policy Number L020449842", "description": "CERT_OF_ISSUANCE_GENERATED", "activityId": "444725972", "quoteFlag": false, "code": "OK", "schedule_dms_doc_id": "2F897765EF61474DB465B886D8433573"}
2026-06-11 17:33:36  INFO      Async PDF detected. Fetching from schedulePath: https://prod-dms.godigit.com/DigitDMS/v2/ext/document/5A016868E0494D6EAD20292B2C4058D5
2026-06-11 17:33:36  INFO               Saved  : COI_H102813_L020449842_GLTP.pdf  (452.0 KB)
2026-06-11 17:33:37  INFO      [2/4] Loan: H102775  |  Product: GLTP
2026-06-11 17:33:38  INFO               Policy : L020449850
2026-06-11 17:33:42  INFO      Download API response: {"communicationFlag": false, "forceRegenerate": false, "pdfStatus": "SUCCESS", "schedulePath": "https://prod-dms.godigit.com/DigitDMS/v2/ext/document/DA632AD7FAAE4DD9AD4F64C40721016C", "ccmStatus": "PDF Generation Success - Policy Number L020449850", "description": "CERT_OF_ISSUANCE_GENERATED", "activityId": "444725993", "quoteFlag": false, "code": "OK", "schedule_dms_doc_id": "4E0E346D82DF46CBAC9BAB4AE71808E0"}
2026-06-11 17:33:42  INFO      Async PDF detected. Fetching from schedulePath: https://prod-dms.godigit.com/DigitDMS/v2/ext/document/DA632AD7FAAE4DD9AD4F64C40721016C
2026-06-11 17:33:42  INFO               Saved  : COI_H102775_L020449850_GLTP.pdf  (452.0 KB)
2026-06-11 17:33:43  INFO      [3/4] Loan: H102772  |  Product: GLTP
2026-06-11 17:33:44  INFO               Policy : L020449843
2026-06-11 17:33:47  INFO      Download API response: {"communicationFlag": false, "forceRegenerate": false, "pdfStatus": "SUCCESS", "schedulePath": "https://prod-dms.godigit.com/DigitDMS/v2/ext/document/1F1CD3F0B6A44C149F253727E65D9B77", "ccmStatus": "PDF Generation Success - Policy Number L020449843", "description": "CERT_OF_ISSUANCE_GENERATED", "activityId": "444726016", "quoteFlag": false, "code": "OK", "schedule_dms_doc_id": "707626D0C0344667B7BFE563BFCE70B1"}
2026-06-11 17:33:47  INFO      Async PDF detected. Fetching from schedulePath: https://prod-dms.godigit.com/DigitDMS/v2/ext/document/1F1CD3F0B6A44C149F253727E65D9B77
2026-06-11 17:33:47  INFO               Saved  : COI_H102772_L020449843_GLTP.pdf  (451.9 KB)
2026-06-11 17:33:48  INFO      [4/4] Loan: H101677  |  Product: GLTP
2026-06-11 17:33:49  INFO               Policy : L018694202
2026-06-11 17:33:50  ERROR              FAILED : H101677 -- Download failed [400]: {
  "communicationFlag" : false,
  "forceRegenerate" : false,
  "quoteFlag" : false,
  "code" : "BAD_REQUEST",
  "message" : "Error while downloading COI Document pdf"
}
2026-06-11 17:33:50  INFO      =======================================================
2026-06-11 17:33:50  INFO        Total : 4  |  Success : 3  |  Failed : 1
2026-06-11 17:33:50  INFO      =======================================================
2026-06-11 17:33:50  WARNING   Failed rows:
2026-06-11 17:33:50  WARNING     - H101677 -- Download failed [400]: {
  "communicationFlag" : false,
  "forceRegenerate" : false,
  "quoteFlag" : false,
  "code" : "BAD_REQUEST",
  "message" : "Error while downloading COI Document pdf"
}
2026-06-11 17:33:50  INFO      Report saved: D:\Digit COI downloader\coi_downloads\download_report_20260611_173350.xlsx
2026-06-11 17:33:50  INFO      Token keeper stopped.
2026-06-11 17:42:40  INFO      =======================================================
2026-06-11 17:42:40  INFO        GoDigit Bulk COI Downloader  [LOCAL MODE]
2026-06-11 17:42:40  INFO      =======================================================
2026-06-11 17:42:40  INFO      Starting local token keeper thread...
2026-06-11 17:42:40  INFO      [TokenKeeper] Background thread started.
2026-06-11 17:42:40  INFO      Waiting for first token to be ready...
2026-06-11 17:42:40  INFO      [TokenKeeper] Refreshing token...
2026-06-11 17:42:40  INFO      [TokenKeeper] Token refreshed. Expires in 900s. Next refresh in 10 min.
2026-06-11 17:42:40  INFO      Token is ready. Starting downloads...

2026-06-11 17:42:40  INFO      Loaded 4 row(s) from Excel.
2026-06-11 17:42:40  INFO      PDFs will be saved to: D:\Digit COI downloader\coi_downloads

2026-06-11 17:42:40  INFO      [1/4] Loan: H102813  |  Product: GLTP
2026-06-11 17:42:41  INFO               Policy : L020449842
2026-06-11 17:42:45  INFO      Download API response: {"communicationFlag": false, "forceRegenerate": false, "pdfStatus": "SUCCESS", "schedulePath": "https://prod-dms.godigit.com/DigitDMS/v2/ext/document/9ABE8DC656C64C62BD968608DA6F198F", "ccmStatus": "PDF Generation Success - Policy Number L020449842", "description": "CERT_OF_ISSUANCE_GENERATED", "activityId": "444729564", "quoteFlag": false, "code": "OK", "schedule_dms_doc_id": "E7F88ABF9B2C4AE086E603EF7BDD49A9"}
2026-06-11 17:42:45  INFO      Async PDF detected. Fetching from schedulePath: https://prod-dms.godigit.com/DigitDMS/v2/ext/document/9ABE8DC656C64C62BD968608DA6F198F
2026-06-11 17:42:45  INFO               Saved  : COI_H102813_L020449842_GLTP.pdf  (452.0 KB)
2026-06-11 17:42:46  INFO      [2/4] Loan: H102775  |  Product: GLTP
2026-06-11 17:42:47  INFO               Policy : L020449850
2026-06-11 17:42:52  INFO      Download API response: {"communicationFlag": false, "forceRegenerate": false, "pdfStatus": "SUCCESS", "schedulePath": "https://prod-dms.godigit.com/DigitDMS/v2/ext/document/C8950B7A02264AFBAD6C584C9533725A", "ccmStatus": "PDF Generation Success - Policy Number L020449850", "description": "CERT_OF_ISSUANCE_GENERATED", "activityId": "444729639", "quoteFlag": false, "code": "OK", "schedule_dms_doc_id": "270E1346E9854FC6A5827B18B5BC70C1"}
2026-06-11 17:42:52  INFO      Async PDF detected. Fetching from schedulePath: https://prod-dms.godigit.com/DigitDMS/v2/ext/document/C8950B7A02264AFBAD6C584C9533725A
2026-06-11 17:42:52  INFO               Saved  : COI_H102775_L020449850_GLTP.pdf  (452.0 KB)
2026-06-11 17:42:53  INFO      [3/4] Loan: H102772  |  Product: GLTP
2026-06-11 17:42:54  INFO               Policy : L020449843
2026-06-11 17:42:59  INFO      Download API response: {"communicationFlag": false, "forceRegenerate": false, "pdfStatus": "SUCCESS", "schedulePath": "https://prod-dms.godigit.com/DigitDMS/v2/ext/document/7C5980D192E34C67BC1CC52BC1441FBF", "ccmStatus": "PDF Generation Success - Policy Number L020449843", "description": "CERT_OF_ISSUANCE_GENERATED", "activityId": "444729677", "quoteFlag": false, "code": "OK", "schedule_dms_doc_id": "0C213C52C6B7482B9090C075CBB6CBE3"}
2026-06-11 17:42:59  INFO      Async PDF detected. Fetching from schedulePath: https://prod-dms.godigit.com/DigitDMS/v2/ext/document/7C5980D192E34C67BC1CC52BC1441FBF
2026-06-11 17:42:59  INFO               Saved  : COI_H102772_L020449843_GLTP.pdf  (451.9 KB)
2026-06-11 17:43:00  INFO      [4/4] Loan: H101677  |  Product: GLTP
2026-06-11 17:43:01  INFO               Policy : L018694202
2026-06-11 17:43:01  ERROR              FAILED : H101677 -- Download failed [400]: {
  "communicationFlag" : false,
  "forceRegenerate" : false,
  "quoteFlag" : false,
  "code" : "BAD_REQUEST",
  "message" : "Error while downloading COI Document pdf"
}
2026-06-11 17:43:01  INFO      =======================================================
2026-06-11 17:43:01  INFO        Total : 4  |  Success : 3  |  Failed : 1
2026-06-11 17:43:01  INFO      =======================================================
2026-06-11 17:43:01  WARNING   Failed rows:
2026-06-11 17:43:01  WARNING     - H101677 -- Download failed [400]: {
  "communicationFlag" : false,
  "forceRegenerate" : false,
  "quoteFlag" : false,
  "code" : "BAD_REQUEST",
  "message" : "Error while downloading COI Document pdf"
}
2026-06-11 17:43:01  INFO      Report saved: D:\Digit COI downloader\coi_downloads\download_report_20260611_174301.xlsx
2026-06-11 17:43:01  INFO      Token keeper stopped.
2026-06-11 17:48:09  INFO      =======================================================
2026-06-11 17:48:09  INFO        GoDigit Bulk COI Downloader  [LOCAL MODE]
2026-06-11 17:48:09  INFO      =======================================================
2026-06-11 17:48:09  INFO      Starting local token keeper thread...
2026-06-11 17:48:09  INFO      [TokenKeeper] Background thread started.
2026-06-11 17:48:09  INFO      Waiting for first token to be ready...
2026-06-11 17:48:09  INFO      [TokenKeeper] Refreshing token...
2026-06-11 17:48:09  INFO      [TokenKeeper] Token refreshed. Expires in 900s. Next refresh in 10 min.
2026-06-11 17:48:09  INFO      Token is ready. Starting downloads...

2026-06-11 17:48:09  INFO      Loaded 4 row(s) from Excel.
2026-06-11 17:48:09  INFO      PDFs will be saved to: D:\Digit COI downloader\coi_downloads

2026-06-11 17:48:09  INFO      [1/4] Loan: H102813  |  Product: GLTP
2026-06-11 17:48:10  INFO      childPolicy API full response for H102813: [{"policyNumber": "L020449842", "policyStatus": "EFFECTIVE", "masterPolicyHolder": "EDGRO FINANCE PRIVATE LIMITED", "panNumber": "AAHCE0299F", "gstNumber": "29AAHCE0299F1ZG", "startDate": "2026-04-22", "endDate": "2036-04-21", "loanAccountNumber": "H102813", "policyState": "CONTRACT", "insuranceProductCode": "5002", "masterPolicyNumber": "L011887068", "insuredPersons": [{"firstName": "PARNEET", "lastName": "KAUR", "dateOfBirth": "2002-06-03"}]}]
2026-06-11 17:48:10  INFO               Policy : L020449842
2026-06-11 17:48:13  INFO      Download API response: {"communicationFlag": false, "forceRegenerate": false, "pdfStatus": "SUCCESS", "schedulePath": "https://prod-dms.godigit.com/DigitDMS/v2/ext/document/3B66FE69A2AF430CB50FD9211AEB6CD9", "ccmStatus": "PDF Generation Success - Policy Number L020449842", "description": "CERT_OF_ISSUANCE_GENERATED", "activityId": "444731757", "quoteFlag": false, "code": "OK", "schedule_dms_doc_id": "4F35D196AFC545758A0BDC7305EC9282"}
2026-06-11 17:48:13  INFO      Async PDF detected. Fetching from schedulePath: https://prod-dms.godigit.com/DigitDMS/v2/ext/document/3B66FE69A2AF430CB50FD9211AEB6CD9
2026-06-11 17:48:13  INFO               Saved  : COI_H102813_L020449842_GLTP.pdf  (452.0 KB)
2026-06-11 17:48:14  INFO      [2/4] Loan: H102775  |  Product: GLTP
2026-06-11 17:48:15  INFO      childPolicy API full response for H102775: [{"policyNumber": "L020449850", "policyStatus": "EFFECTIVE", "masterPolicyHolder": "EDGRO FINANCE PRIVATE LIMITED", "panNumber": "AAHCE0299F", "gstNumber": "29AAHCE0299F1ZG", "startDate": "2026-04-16", "endDate": "2036-04-15", "loanAccountNumber": "H102775", "policyState": "CONTRACT", "insuranceProductCode": "5002", "masterPolicyNumber": "L011887068", "insuredPersons": [{"firstName": "AARTI", "lastName": ".", "dateOfBirth": "2000-04-18"}]}]
2026-06-11 17:48:15  INFO               Policy : L020449850
2026-06-11 17:48:18  INFO      Download API response: {"communicationFlag": false, "forceRegenerate": false, "pdfStatus": "SUCCESS", "schedulePath": "https://prod-dms.godigit.com/DigitDMS/v2/ext/document/58C2D73A504F4BC0857D4F0707EF2D8E", "ccmStatus": "PDF Generation Success - Policy Number L020449850", "description": "CERT_OF_ISSUANCE_GENERATED", "activityId": "444731785", "quoteFlag": false, "code": "OK", "schedule_dms_doc_id": "CDEE902198894E3390A753BA4E7D1F56"}
2026-06-11 17:48:18  INFO      Async PDF detected. Fetching from schedulePath: https://prod-dms.godigit.com/DigitDMS/v2/ext/document/58C2D73A504F4BC0857D4F0707EF2D8E
2026-06-11 17:48:18  INFO               Saved  : COI_H102775_L020449850_GLTP.pdf  (452.0 KB)
2026-06-11 17:48:19  INFO      [3/4] Loan: H102772  |  Product: GLTP
2026-06-11 17:48:20  INFO      childPolicy API full response for H102772: [{"policyNumber": "L020449843", "policyStatus": "EFFECTIVE", "masterPolicyHolder": "EDGRO FINANCE PRIVATE LIMITED", "panNumber": "AAHCE0299F", "gstNumber": "29AAHCE0299F1ZG", "startDate": "2026-04-14", "endDate": "2036-04-13", "loanAccountNumber": "H102772", "policyState": "CONTRACT", "insuranceProductCode": "5002", "masterPolicyNumber": "L011887068", "insuredPersons": [{"firstName": "MUKUL", "lastName": ".", "dateOfBirth": "2004-05-27"}]}]
2026-06-11 17:48:20  INFO               Policy : L020449843
2026-06-11 17:48:28  INFO      Download API response: {"communicationFlag": false, "forceRegenerate": false, "pdfStatus": "SUCCESS", "schedulePath": "https://prod-dms.godigit.com/DigitDMS/v2/ext/document/7B9CCE20E1B94450A8CB658F1AC43AB5", "ccmStatus": "PDF Generation Success - Policy Number L020449843", "description": "CERT_OF_ISSUANCE_GENERATED", "activityId": "444731843", "quoteFlag": false, "code": "OK", "schedule_dms_doc_id": "2F018907F98E4420AF5E7EB7FBB0826D"}
2026-06-11 17:48:28  INFO      Async PDF detected. Fetching from schedulePath: https://prod-dms.godigit.com/DigitDMS/v2/ext/document/7B9CCE20E1B94450A8CB658F1AC43AB5
2026-06-11 17:48:29  INFO               Saved  : COI_H102772_L020449843_GLTP.pdf  (451.9 KB)
2026-06-11 17:48:30  INFO      [4/4] Loan: H101677  |  Product: GLTP
2026-06-11 17:48:31  INFO      childPolicy API full response for H101677: [{"policyNumber": "L018694202", "policyStatus": "CANCELLED", "masterPolicyHolder": "EDGRO FINANCE PRIVATE LIMITED", "panNumber": "AAHCE0299F", "gstNumber": "29AAHCE0299F1ZG", "startDate": "2026-02-28", "endDate": "2036-02-27", "loanAccountNumber": "H101677", "policyState": "CONTRACT", "insuranceProductCode": "5002", "masterPolicyNumber": "L011887068", "insuredPersons": [{"firstName": "BAJRADYUTI", "lastName": "BHATTACHARJEE", "dateOfBirth": "1996-10-30"}]}, {"policyNumber": "L019165956", "policyStatus": "EFFECTIVE", "masterPolicyHolder": "EDGRO FINANCE PRIVATE LIMITED", "panNumber": "AAHCE0299F", "gstNumber": "29AAHCE0299F1ZG", "startDate": "2026-02-28", "endDate": "2036-02-27", "loanAccountNumber": "H101677", "policyState": "CONTRACT", "insuranceProductCode": "5002", "masterPolicyNumber": "L011887068", "insuredPersons": [{"firstName": "BAJRADYUTI", "lastName": "BHATTACHARJEE", "dateOfBirth": "1996-10-30"}]}]
2026-06-11 17:48:31  INFO      Multiple policies found for H101677: ['L018694202', 'L019165956'] — using latest: L019165956
2026-06-11 17:48:31  INFO               Policy : L019165956
2026-06-11 17:48:42  INFO      Download API response: {"communicationFlag": false, "forceRegenerate": false, "pdfStatus": "SUCCESS", "schedulePath": "https://prod-dms.godigit.com/DigitDMS/v2/ext/document/FFAD6E27D41041F39BA4973873F03637", "ccmStatus": "PDF Generation Success - Policy Number L019165956", "description": "CERT_OF_ISSUANCE_GENERATED", "activityId": "444731951", "quoteFlag": false, "code": "OK", "schedule_dms_doc_id": "79DA7D44A99546F49B5D448D2AAE5EA1"}
2026-06-11 17:48:42  INFO      Async PDF detected. Fetching from schedulePath: https://prod-dms.godigit.com/DigitDMS/v2/ext/document/FFAD6E27D41041F39BA4973873F03637
2026-06-11 17:48:42  INFO               Saved  : COI_H101677_L019165956_GLTP.pdf  (480.4 KB)
2026-06-11 17:48:42  INFO      =======================================================
2026-06-11 17:48:42  INFO        Total : 4  |  Success : 4  |  Failed : 0
2026-06-11 17:48:42  INFO      =======================================================
2026-06-11 17:48:42  INFO      Report saved: D:\Digit COI downloader\coi_downloads\download_report_20260611_174842.xlsx
2026-06-11 17:48:42  INFO      Token keeper stopped.
2026-06-11 17:50:49  INFO      =======================================================
2026-06-11 17:50:49  INFO        GoDigit Bulk COI Downloader  [LOCAL MODE]
2026-06-11 17:50:49  INFO      =======================================================
2026-06-11 17:50:49  INFO      Starting local token keeper thread...
2026-06-11 17:50:49  INFO      [TokenKeeper] Background thread started.
2026-06-11 17:50:49  INFO      Waiting for first token to be ready...
2026-06-11 17:50:49  INFO      [TokenKeeper] Refreshing token...
2026-06-11 17:50:50  INFO      [TokenKeeper] Token refreshed. Expires in 900s. Next refresh in 10 min.
2026-06-11 17:50:50  INFO      Token is ready. Starting downloads...

2026-06-11 17:50:50  INFO      Loaded 4 row(s) from Excel.
2026-06-11 17:50:50  INFO      PDFs will be saved to: D:\Digit COI downloader\coi_downloads
2026-06-11 17:50:50  INFO      Running with 4 parallel workers

2026-06-11 17:50:50  INFO      [1/4] Loan: H102813  |  Product: GLTP
2026-06-11 17:50:50  INFO      [2/4] Loan: H102775  |  Product: GLTP
2026-06-11 17:50:50  INFO      [3/4] Loan: H102772  |  Product: GLTP
2026-06-11 17:50:50  INFO      [4/4] Loan: H101677  |  Product: GLTP
2026-06-11 17:50:50  INFO        [H102813] Policy : L020449842
2026-06-11 17:50:50  INFO        [H102775] Policy : L020449850
2026-06-11 17:50:51  INFO        [H102772] Policy : L020449843
2026-06-11 17:50:51  INFO        [H101677] Policy : L019165956
2026-06-11 17:50:54  INFO        [H101677] Saved  : COI_H101677_L019165956_GLTP.pdf  (480.4 KB)
2026-06-11 17:50:59  INFO        [H102813] Saved  : COI_H102813_L020449842_GLTP.pdf  (452.0 KB)
2026-06-11 17:50:59  INFO        [H102775] Saved  : COI_H102775_L020449850_GLTP.pdf  (452.0 KB)
2026-06-11 17:51:04  INFO        [H102772] Saved  : COI_H102772_L020449843_GLTP.pdf  (451.9 KB)
2026-06-11 17:51:04  INFO      =======================================================
2026-06-11 17:51:04  INFO        Total : 4  |  Success : 4  |  Failed : 0
2026-06-11 17:51:04  INFO      =======================================================
2026-06-11 17:51:04  INFO      Report saved: D:\Digit COI downloader\coi_downloads\download_report_20260611_175104.xlsx
2026-06-11 17:51:04  INFO      Token keeper stopped.
2026-06-11 17:55:39  INFO      =======================================================
2026-06-11 17:55:39  INFO        GoDigit Bulk COI Downloader  [LOCAL MODE]
2026-06-11 17:55:39  INFO      =======================================================
2026-06-11 17:55:39  INFO      Starting local token keeper thread...
2026-06-11 17:55:39  INFO      [TokenKeeper] Background thread started.
2026-06-11 17:55:39  INFO      Waiting for first token to be ready...
2026-06-11 17:55:39  INFO      [TokenKeeper] Refreshing token...
2026-06-11 17:55:39  INFO      [TokenKeeper] Token refreshed. Expires in 900s. Next refresh in 10 min.
2026-06-11 17:55:39  INFO      Token is ready. Starting downloads...

2026-06-11 17:55:39  INFO      Loaded 4 row(s) from Excel.
2026-06-11 17:55:39  INFO      PDFs will be saved to: D:\Digit COI downloader\coi_downloads
2026-06-11 17:55:39  INFO      Running with 4 parallel workers

2026-06-11 17:55:39  INFO      [1/4] Loan: H102813  |  Product: GLTP
2026-06-11 17:55:39  INFO      [2/4] Loan: H102775  |  Product: GLTP
2026-06-11 17:55:39  INFO      [3/4] Loan: H102772  |  Product: GLTP
2026-06-11 17:55:39  INFO      [4/4] Loan: H101677  |  Product: GLTP
2026-06-11 17:55:40  INFO        [H102775] Policy : L020449850
2026-06-11 17:55:40  INFO        [H102813] Policy : L020449842
2026-06-11 17:55:40  INFO        [H101677] Policy : L019165956
2026-06-11 17:55:41  INFO        [H102772] Policy : L020449843
2026-06-11 17:55:44  INFO        [H102813] Saved  : COI_H102813_L020449842_GLTP.pdf  (452.0 KB)
2026-06-11 17:55:44  INFO        [H102772] Saved  : COI_H102772_L020449843_GLTP.pdf  (451.9 KB)
2026-06-11 17:55:44  INFO        [H101677] Saved  : COI_H101677_L019165956_GLTP.pdf  (480.4 KB)
2026-06-11 17:55:44  INFO        [H102775] Saved  : COI_H102775_L020449850_GLTP.pdf  (452.0 KB)
2026-06-11 17:55:44  INFO      =======================================================
2026-06-11 17:55:44  INFO        Total : 4  |  Success : 4  |  Failed : 0
2026-06-11 17:55:44  INFO      =======================================================
2026-06-11 17:55:44  INFO      Report saved: D:\Digit COI downloader\coi_downloads\download_report_20260611_175544.xlsx
2026-06-11 17:55:44  INFO      Token keeper stopped.
